!name The Frontier
!players 4
!teams yes
!pace 1
!notes Two territories either side of a mountain range, joined by two passes. One world and one clock: give orders anywhere you have forces, and watch every front resolve together.
; 128x44 -- a two-territory world.
################################################################################################################################
#.............................................................####.............................................................#
#.............................................................####.............................................................#
#..............................................$..............####.............................................................#
#.............................................................####.............................................................#
#.............................................................####.............................................................#
#...................~.....................................$...####.............................................................#
#..............~~~~~~~~~~~........$...........................####..................................#..........................#
#.............~~~~~~~~~~~~~~..................................####...............................#######.......................#
#.............~~~~~~~~~~~~~~~.................................####..............................#########......................#
#.......1......~~~~~~~~~~~~~~~................................####.............................###########.............2.......#
#.............~~~~~~~~~~~~~~~.................................####.............................###########.....................#
#.............~~~~~~~~~~~~~~..........................................$.......................#############....................#
#..............~~~~~~~~~~~.....................................................................###########.....................#
#...................~..........................................................................###########.....................#
#..........................................................$....................................#########......................#
#................................................................................................#######.......................#
#.............................................................####..................................#..........................#
#.............................................................####.............................................................#
#.............................................................####.........................................................$...#
#.........%...................................................####..............................................~..............#
#.......%%%%%.................................................####................$...........................~~~~~............#
#......%%%%%%%................................................####...........................................~~~~~~~...........#
#.....%%%%%%%%%...............................................####..........................................~~~~~~~~~..........#
#.....%%%%%%%%%...............................................####..........................................~~~~~~~~~..........#
#.....%%%%%%%%%.................................$.............####..........................................~~~~~~~~~..........#
#....%%%%%%%%%%%..............................................####.........................................~~~~~~~~~~~.........#
#.....%%%%%%%%%...............................................####..........................................~~~~~~~~~..........#
#.....%%%%%%%%%.............................................................................................~~~~~~~~~..........#
#.....%%.%%%%%%...........................................................................%.................~~~~~~~~~..........#
#...........%%................%......................................................%%%%%%%%%%%.............~~~~~~~...........#
#........................%%%%%%%%%%%...............................................%%%%%%%%%%%%%%%............~~~~.............#
#.......................%%%%%%%%%%%%%.............................................%%%%%%%%%%%%%%%%%.............~...$..........#
#.......3..............%%%%%%%%%%%%%%%........................####...............%%%%%%%%%%%%%%%%%%%...................4.......#
#.....................%%%%%%%%%%%%%%%%%.......................####................%%%%%%%%%%%%%%%%%............................#
#......................%%%%%%%%%%%%%%%........................####.................%%%%%%%%%%%%%%%.............................#
#.......................%%%%%%%%%%%%%.........................####...................%%%%%%%%%%%...............................#
#........................%%%%%%%%%%%..........................####........................%....................................#
#.............................%........$......................####.............................................................#
#.............................................................####.............................................................#
#.$...........................................................####.............................................................#
#.....................$.......................................####.............................................................#
#.............................................................####.............................................................#
################################################################################################################################
