!name The Reach
!players 4
!teams yes
!pace 3
!notes A continent around an inland sea, four nations on its rim. Mountain spines split the approaches and each has one pass. Armies move three times as fast here; it is still a long way.
; 384x256 -- 98304 tiles.
################################################################################################################################################################################################################################################################################################################################################################################################
#..............................................................................................................................................................................................................................................................................................................................................................................................#
#..............................................................................................................................................................................................................................................................................................................................................................................................#
#..............................................................................................................................................................................................................................................................................................................................................................................................#
#........................................................................................................................................................$............................................................................................................................................................................................................................$........#
#..............................................................................................................................................................................................................................................................................................................................................................................................#
#..........................................................................................................................................................................$...................................................................................................................................................................................................................#
#..............................................................................................................................................................................................................................................................................................................................................................................................#
#..............................................................................................................................................................................................................................................................................................................................................................................................#
#..............................................................................................................................................................................................................................................................................................................................................................................................#
#.....................................................................................................%..%.....................................................................................................................................................................................................................................................................................#
#..............................$......................................................................%%%%%........................................................................................................$...........................................................................................................................................................................#
#....................................................................................................%%%%%%....................................................................................................................................................................................................................................................................................#
#....................................................................................................%%%%%%%%..................................................................................................................................................................................................................................................................................#
#...................................................................................................%%%%%%%%%..................................................................................................................................................................................................................................................................................#
#...................................................................................................%%%%%%%%%..................................................................................................................................................................................................................................................................................#
#.........................................................#.###.....................$...............%%%%%%%%%......................................................................................................................................................................%....................$......................................................................................#
#.........................................................#######%%%................................%%%%%%%%%%..................................................................................................................................................................%%%%%%..............................................#..........................................................#
#.......................................................########%%%%...............................%%%%%%%%%%%..................................................................................................................................................................%%%%%%%%.........................................#######.......................................................#
#.......................................................#######%%%%%%%..............................%%%%%%%%%.................................................................................................................................................................%%%%%%%%%%%......................................#########.......................................................#
#...............................%%%....................#######%%%%%%%%%.............................%%%%%%%%%%................................................................................................................................................................%%%%%%%%%%.......................................##########......................................................#
#................................%%%%%................#######%%%%%%%%%%%............................%%%%%%%%%..................................................................................................................................................................%%%%%%%%%......................................###########......................................................#
#.................................%%%%%...............######%%%%%%%%%%%%............................%%%%%%%%%.................................................%%%%.............................................................................................................%%%%%%%%%.....................................###########.......................................................#
#..................................%%%%%..........$....#####%%%%%%%%%%%%.............................%%%%%%%%.$..............................................%%%%%%.%...........................................................................................................%%%%%%..............%%...............%......############.......................................................#
#..................................%%%%%...............#####%%%%%%%%%%%%.............................%%%%%%%.......................................$........%%%%%%%%%.............................................................................................................%%%...........%%%%%%%%%...........%%%%%%%.###########........................................................#
#..................................%%%%%%...............####%%%%%%%%%%%%..............................%%%%%%................................................%%%%%%%%%%...................................................................................................................#....%.%%%%%%%%%%.......%%%%%%%%%%%%###########.......................................................#
#.........................1.........%%%%%................###%%%%%%%%%%%%................................%%.................................................%%%%%%%%%%%..............................................................................................................########.#%%%%%%%%%%%%%...%.%%%%%%%%%%%%%%%########..............................2.........................#
#..................................%%%%%.................####%%%%%%%%%%%%.................................................................................%%%%%%%%%%%%%............................................................................................................###########%%%%%%%%%%%%%%..%%%%%%%%%%%%%%%%%%########.................$.....................................#
#..................................%%%%..................####%%%%%%%%%%%...................................................................................%%%%%%%%%%%%...........................%.%..............................................................................############%%%%%%%%%%%%%.%%%%%%%%%%%%%%%%%%%%######........................................%.%.............#
#..................................%%....................#####%%%%%%%%%....................................................................................%%%%%%%%%%%%......................%.%%%%%%%%%%%.................................................%.%.....................###########%%%%%%%%%%%%%.%%%%%%%%%%%%%%%%%%%%%#####........................................%%%%%%%..........#
#..........$......................%.......................####%%%%%%%%%...................................................................................%%%%%%%%%%%%.......................%%%%%%%%%%%%%%...........................................%%%%%%%%%%%$..................#########.%%%%%%%%%%%%%.%%%%%%%%%%%%%%%%%%%%#######.....%..%.............................%%%%%%%%..........#
#.........................................................#####%%%%%%%%#...................................................................................%%%%%%%%%%......................%%%%%%%%%%%%%%%%.........................................%%%%%%%%%%%%%.%.....................###...%%%%%%%%%%%.%.%%%%%%%%%%%%%%%%%%%%%###........%%%%%%..........................%%%%%%%%%%%%.......#
#..........................................................#####%%%%%###...................................................................................%%%%%%%%%%......................%%%%%%%%%%%%%%%%%%.......................................%%%%%%%%%%%%%%%..............................%%%%%%.%....%%%%%%%%%%%%%%%%%%%####.......%%%%%%%........................%%%%%%%%%%%%%........#
#...........................................................#####%######.....................................................................................%%%%%%%%.....................%%%%%%%%%%%%%%%%%%%.....................................%%%%%%%%%%%%%%%%%.%.............................%%%........%%%%%%%%%%%%%%%%%%%%##......%%%%%%%%%%................%%.%%%%%%%%%%%%%%%%%%.......#
#...........................................................#############.......................................................................................%..........................%%%%%%%%%%%%%%%%%%............................$........%%%%%%%%%%%%%%%%%%%...........$.............................%%%%%%%%%%%%%%%%%####......%%%%%%%%%%%...............%%%%%%%%%%%%%%%%%%%%%%......#
#............................................................#############...........................................................%%.....................................................%%%%%%%%%%%%%%%%......................................%%%%%%%%%%%%%%%%%%%..........................................%%%%%%%%%%%%%%%#####......%%%%%%%%%%%..............%%%%%%%%%%%%%%%%%%%%%%.......#
#............................................................#############.........................................................%%%%%%...................................................%%%%%%%%%%%%%%%.......................................%%%%%%%%%%%%%%%%%%%%.........................................%%%%%%%%%%%%%%%####......%%%%%%%%%%%%%.............%%%%%%%%%%%%%%%%%%%%%%.......#
#.............................................................#############........................................................%%%%%%%....................................................%%%%%%%%%%%........................................%%%%%%%%%%%%%%%%%%%%%.........................................%%%%%%%%%%%%%%%####......%%%%%%%%%%%%%..............%%%%%%%%%%%%%%%%%%%%........#
#..............................................................#############..................................................$...%%%%%%%%%......................................................%%.%.%...##....................................%%%%%%%%%%%%%%%%%%%%%...........................................%.%%%%%%%%%%%####......%%%%%%%%%%%%%%%..............%%%%%%%%%%%%%%%%%%.........#
#...............................................................###########.......................................................%%%%%%%%%......%%%%%%.%%..................%..........................######...................................%%%%%%%%%%%%%%%%%%%%.................................................%#%%########....%%%%%%%%%%%%%%%%%%%%...........%%%%%%%.%%%%%%%%%..........#
#..............................................................#############.....................................................%%%%%%%%%%...%%%%%%%%%%%%...............%.%%%%%%%%%%%%...............#########................................%%%%%%%%%%%%%%%%%%%%%%.................................................##########....%%%%%%%%%%%%%%%%%%%%%%......................%%.............#
#..............................................................############....................................%%.%%%.%..........%%%%%%%%%%...%%%%%%%%%%%%%%............%%%%%%%%%%%%%%%%%%..........############...............................%%%%%%%%%%%%%%%%%#.#..................................................#########.....%%%%%%%%%%%%%%%%%%%%%%%%....................................#
#...............................................................############...............................%%%%%%%%%%%%%.%%......%%%%%%%%%%.%%%%%%%%%%%%%%%%%...........%%%%%%%%%%%%%%%%%......$....############..............................%%%%%%%%%%%%%%%#########..............................................##########.....%%%%%%%%%%%%%%%%%%%%%%%%%...................................#
#...............................................................#############...........................%%%%%%%%%%%%%%%%%%%%%.....%%%%%%%%%%.%%%%%%%%%%%%%%%%.........%%%%%%%%%%%%%%%%%%%%%..........############..............................%%%%%%%%%%%%#############...........................................###########.....%%%%%%%%%%%%%%%%%%%%%%%%%%..................................#
#................................................................#############........................%%%%%%%%%%%%%%%%%%%%%%%%....%%%%%%%%%%%%%%%%%%%%%%%%%%%%.......%.%%%%%%%%%%%%%%%%%%%%%.........############.............................%%%%%%%%%%%%%##############................................$.........###########......%%%%%%%%%%%%%%%%%%%%%%%%...................................#
#..................................................................############.......................%%%%%%%%%%%%%%%%%%%%%%%%%...%%%%%%%%%.%%%%%%%%%%%%%%%%%%.......%%%%%%%%%%%%%%%%%%%%%%%%%%......###########...............................%%%%%%%%%%%###############.........................................############......%%%%%%%%%%%%%%%%%%%%%%%....................................#
#.................................................................#############......................%%%%%%%%%%%%%%%%%%%%%%%%%%.%.%%%%%%%%%.%%%%%%%%%%%%%%%%%%........%%%%%%%%%%%%%%%%%%%%%%%%%%%.....#########.................................%%%%%%%%%...###########...................%%.....................############........%%%%%%%%%%%%%%%%%%%%%%%...................................#
#..................................................................############......................%%%%%%%%%%%%%%%%%%%%%%%%%%%...%%%%%%%..%#%%%%%%%%%%%%%%%.........%%%%%%%%%%%%%%%%%%%%%%%%%%%%.....#######..................................%%%%%%%%........###..................%%%%%%%%%%.%................############.........%%%%%%%%%%%%%%%%%%%%.....................................#
#...................................................................###########......................%%%%%%%%%%%%%%%%%%%%%%%%%.......%%%%%.%###%%%%%%%%%%%%%%%.........%%%%%%%%%%%%%%%%%%%%%%%%%%........#..#......................................%%%%%............................%%%%%%%%%%%%%%...............############........%%%%%%%%%%%%%%%%%.........................................#
#..........##.......................................................############.......................%%%%%%%%%%%%%%%%%%%%%.%.......%%....#####%%%%%%%%%%%%.............%%%%%%%%%%%%%%%%%%%%%%%%%.............................................$..%.%.............................%%%%%%%%%%%%%%%%%............##############............%%%%%%%%%%%...........................................#
#.........#####.......................................................##########..........................%.%%%%%%%%%%%%%%%................#####%%%%%%%%%%%%..............%%%%%%%%%%%%%%%%%%%%%%%.................................................................................%%%%%%%%%%%%%%%%.............#############.............%%%%%%%%%%%%%%........................................#
#.........#####.......................................................##########..................................%..%.....................######%%%%%%%%%%%................%.%.%%%.....%%%%%%%%%..................................................................................%%%%%%%%%%%%%%%..............############............%%%%%%%%%%%%%%%%%%%....................................#
#........######.......................................................###########..........................................................#####%%%%%%%%%.%..............................%%%%%%%%%...................................................................................%%%%%%%%%%%%.............############..............%%%%%%%%%%%%%%%%%%%%...................................#
#........#######......................................................##########.#........................................................######%%.%%%.%..................................%%%%%%%%%%.%...........................%%...%.............................................%%%%%%%%%%%%..............##.#########...........%..%%%%%%%%%%%%%%%%%%%%%..................................#
#.........#####........................................................######..............................................................#####..%...%.................................%%%%%%%%%%%%%%..........................%%%%%%%%%..................................................%........................#####............%%%%%%%%%%%%%%%%%%%%%%%%%%................................#
#............#..........................................................####.........................................................#.....#####.......................................%%%%%%%%%%%%%%%%......................%%%%%%%%%%%%%%..........................................................................####............%%%%%%%%%%%%%%%%%%%%%%%%%%................................#
#.......................................................................###.......................................................######....###.........................................%%%%%%%%%%%%%%%%....................%%%%%%%%%%%%%%%%%......................$..................................................###............%%%%%%%%%%%%%%%%%%%%%%%%%%%...............................#
#........................................................................#........................................................#######....##.........................................%#%%%%%%%%%%%%%....................%%%%%%%%%%%%%%%%%%%%........................................................................#............%%%%%%%%%%%%%%%%%%%%%%%%%%%%...............................#
#........................................................................#.......................................................#########..............................................###%%%%%%%%%%%....................%%%%%%%%%%%%%%%%%%%%......................................................%.%................##............%%%%%%%%%%%%%%%%%%%%%%%%%%%...............................#
#................................................................................................................................##########............................................#####%%%%%%%%%.....................%%%%%%%%%%%%%%%%%%%%....................................................%%%%%%%..............##............%%%%%%%%%%%%%%%%%%%%%%%%%%%...............##..............#
#................................................................................................................................#########.............................................#####.%.%.%.........................%%%%%%%%%%%%%%%%%%%%..................................................%%%%%%%%%..............#............%%%%%%%%%%%%%%%%%%%%%%%%%%%.............########..........#
#...........#######.............................................................................................................##########............................................#######...............$...............%%%%%%%%%%%%%%%%%%...................................................%%%%%%%%%.............#..............%%%%%%%%%%%%%%%%%%%%%%%%%%............#########..........#
#...........#######..............................................................................................................#########............................................#######...............................%%%%%%%%%%%%%%%%%...................................................%%%%%%%%%%.............#................%%%%%%%%%%%%%%%%##%%%%%%...........###########.........#
#...........#######................................#.#............................................................................#######.............................................######..................................%%%%%%%%%%%%%%%...............................%.%..................%%%%%%%%%...............................%%%%%%%%%%%%%#%#######...........############.........#
#...........#######..............................#######..............................#............................................#####..............................................######....................................%%%%%%%%%.%..............................%%%%%%%.................%%%%%%%%%#..............................%%%%%%%%%%%%###########...........###########.........#
#...........#######.............................#########..................#.........##.............................................##.................................................#####.......................................%.%..%..%.%%..........................%%%%%%%...................%%%%%%###.................................%.....%%############..........###########.........#
#..............##.............................#.##########................###.......####................................................................................................####..........................................%%%%%%%%%%%%%.....................%%%%%%%%%....................%%..####.......#.............................%###############........#############........#
#................................%..%%.........###########..................####.#######.................................................................................................#........................................%%.%%%%%%%%%%%%%%%....................%%%%%%%%%.......................########.####...............................#############...........##########.........#
#.............................%.%%%%%%%%%%....############%..................############.........................................................................................................................................%%%%%%%%%%%%%%%%%%%.........%.........%%%%%%%%%......................##############...............................##############............#######..........#
#............................%%%%%%%%%%%%%%%..%###########%%%................#############......................................................................................................................................%%%%%%%%%%%%%%%%%%%%%%%%..%%%%%%........%%%%%%%%%%.................%..%#%#%#%######....................%%............###########.................#.............#
#...........................%%%%%%%%%%%%%%%%%.%###########%%%.................############.....................................................................................................................................%%%%%%%%%%%%%%%%%%%%%%%%%%%%%%%%%%%......%%%%%%%%%%................%%%%%%%%%%%%%####...............%%%%%%%%%%%%.......###########...............................#
#...........................%%%%%%%%%%%%%%%%%%%%##########%%%.................#############....................................................................................................................................%%%%%%%%%%%%%%%%%%%%%%%%%%%%%%%%%%%%....%%%%%%%%%%%............%%%%%%%%%%%%%%%%%%%##..............%%%%%%%%%%%%%%........#######.................................#
#.........................%%%%%%%%%%%%%%%%%%%%%%########%%%%%.................#############..................................$................................................................................................%%%%%%%%%%%%%%%%%%%%%%%%%%%%%%%%%%%%.....%%%%%%%%%%..........%%%%%%%%%%%%%%%%%%%%%%%....%.%%%%.%.%%%%%%%%%%%%%%%%..........####..................................#
#...........................%%%%%%%%%%%%%%%%%%%%%%%%%%%%%%%%%..................############...................................................................................................................................%%%%%%%%%%%%%%%%%%%%%%%%%%%%%%%%%%%%%.....%%%%%%%%%...........%%%%%%%%%%%%%%%%%%%%%%%%.%%%%%%%%%.%%%%%%%%%%%%%%%%%...............................................#
#....$....................%%%%%%%%%%%%%%%%%%%%%%%%%%%%%%%%%%%%%...............#.############....................................................................................................................................%%%%%%%%%%%%%%%%%%%%%%%%%%%%%%%%%%......%%%%%%%%%...........%%%%%%%%%%%%%%%%%%%%%%%%%%%%%%%%%%%%%%%%%%%%%%%%%%%%%..###.........................................#
#........................%%%%%%%%%%%%%%%%%%%%%%%%%%%%%%%%%%%%%%%................############..................................................................................................................................%%%%%%%%%%%%%%%%%%%%%%%%%%%%%%%%%%%........%%%%%%............%.%%%%%%%%%%%%%%%%%%%%%%%%%%%%%%%%%%%%%%%%%%%%%%%%%%%%.######.....................$.................#
#......................%%%%%%%%%%%%%%%%%%%%%%%%%%%%%%%%%%%%%%%%%%...............#############................................................##................................................................................%%%%%%%%%%%%%%%%%%%%%%%%%%%%%%%%%.%........%%%%%%............%%%%%%%%%%%%%%%%%%%%%%%%%%%%%%%%%%%%%%%%%%%%%%%%%%%.#########......................................#
#......................%%%%%%%%%%%%%%%%%%%%%%%%%%%%%%%%%%%%%%%%%%...............#############..............................................#######...............................................................................%%%%%%%%%%%%%%%%%%%%%%%%%%%%%%%%..........%%.................%%%%%%%%%%%%%%%%%%%%%%%%%%%%%%%%%%%%%%%%%%%%%%%%%.#########......................................#
#.....................%%%%%%%%%%%%%%%%%%%%%%%%%%%%%%%%%%%%%%%%%%%.................############..........................................%############.............................................................................%%%%%%%%%%%%%%%%%%%%%%%%%%%%%%.%..................%.%........%%%%%%%%%%%%%%%%%%%%%%%%%%%%%%%%%%%%%%%%%%%%%...###########.....................................#
#....................%%%%%%%%%%%%%%%%%%%%%%%%%%%%%%%%%%%%%%%%%%%%..............%%%%%%%%#######.........................................%%############%%..........................................................................%%%.%%%%%%%%%%%%%%%%%%%%%%%%%%%.................%%%%%%%.%.....%%%%%%%%%%%%####%%%%%%%%%%%%%%%%%%%%..%....%.....#########......................................#
#....................%%%%%%%%%%%%%%%%%%%%%%%%%%%%%%%%%%%%%%%%%%%..............%%%%%%%%%%%%#####.......................................%##############%%.....................................#.........................................%%%%%%%%%%%%%%%%%%%%%%%%%%%...............%%%%%%%%%%.......%%%%%%%%%####..%%%%%%%%%%%%%%%%%%%%............########.......................................#
#.....................%%%%%%%%%%%%%%%.%%%%%%%%%%%%%%%%%%%%%%%%%........$....%%%%%%%%%%%%%%#####.......................................%%##############%...................................#####..........................................%..%.%%%%%%%%%%%%%%%%.................%%%%%%%%%%%%......###%#########...%%%%%%%%%%%%%%%%%...............######........................................#
#....................%%%%%%%%%%%%%%%%%..%%%%%%%%%%%%%%%%%%%%%%%............%%%%%%%%%%%%%%%%####.......................................%##############%%...................................#####.~..~.....~.....................................%.%%%%%%%%%.%...................%%%%%%%%%%%%%....##############...%%%%%%%%%%%%%%%%%.................####........................................#
#.....................%%%%%%%%%%%%%%%%...%.%%%%%%%%%%%%%%%%%%..............%%%%%%%%%%%%%%%%####........................................%%############............................~~.~....#######...~.~..~....~......................................%%%.%......................%%%%%%%%%%%%%%...############.....%%%%%%%%%%%%%%%%%.............................................................#
#....................%%%%%%%%%%%%%%%%%%%%%%%%%%%%%%%%%%%%%%%%...............%%%%%%%%%%%%%%%####.........................................#############%...........................~.......#######~~~.~~~..~.~~..~..~.~........................................................%%%%%%%%%%%%%%%%...############......%%%%%%%%%%%%%%...............................................................#
#..................%%%%%%%%%%%%%%%%%%%%%%%%%%%%%%%%%%%%%%..................%%%%%%%%%%%%%%%%######........................................#.#######..................~......~..~..~~.~.....#####~~.~~~~.~~~~~~~.~......~......~~..........................%.%%................%%%%%%%%%%%%%%%%..############.........%%%%%%%%%%.%....$..........................................................#
#.................%%%%%%%%%%%%%%%%%%%%%%%%%......%.%%%%....................%%%%%%%%%%%%%%%%#######..............................................................~..~~...~~~~~.~~..~~.~.~~~#####~~~~~~~~~~~~~~~~~~~~~~.~~.$...~........................%.%%%%%%%...............%%%%%%%%%%%%%%%...############..........%.%%.%...................................................................#
#................%%%%%%%%%%%%%%%%%%%%%%%%%%.%................................%%%%%%%%%%%%%%#######............................................................~~~..~.~~.~~.~~~~~~~~~~~~~~~~####~~~~~~~~~~~~~~~~~~~~~.~~~~~~...~...~~..................%%%%%%%%%%%............%%%%%%%%%%%%%%%%.############.....................................................................................#
#................%%%%%%%%%%%%%%%%%%%%%%%%%%%...................................%%%%%%%%%%##########........................................................~...~..~~~~~~~.~~~~~~~~~~~~~~~~~~#~~~~~~~~~~~~~~~~~~~~~~~~~~~~~~.~.~.~~.~.~...............%%%%%%%%%%%%%...........%.%%%%%%%%%%%%%%%###########......................................................................................#
#................%%%%%%%%%%%%%%%%%%%%%%%%%%%..................................%%%%%%%%.#%##########.....................................................~.~...~~~.~.~~~~~~~~~~~~~~~~~~~~~~~~~~~~~~~~~~~~~~~~~~~~~~~~~~~~~~~.~~.~~~~~..~.~...........%%%%%%%%%%%%%%%...........%%%%%%%%%%%%%%#############......................................................................................#
#.................%%%%%%%%%%%%%%%%%%%%%%%%........................................%...%############....................$...........................~..~~~.~.~~.~~~~~~~~~~~~~~~~~~~~~~~~~~~~~~~~~~~~~~~~~~~~~~~~~~~~~~~~~~~~~~~.~~~~~~~~~~..~.........%%%%%%%%%%%%%............%%%%%%%%%%%%%%.###########.............................................$.........................................#
#.................%%%%%%%%%%%%%%%%%%%%%%%%..............................................###########...............................................~~...~~~~~~~~~~~~~~~~~~~~~~~~~~~~~~~~~~~~~~~~~~~~~~~~~~~~~~~~~~~~~~~~~~~~~~~~~~~~~~~.~~~.~........%%%%%%%%%%%%%%%%..%........%%%%%%%%%%%%.############.......................................................................................#
#.....................%%%%%%%%%%%%%%%%%%................................................############..............................................$.~~~~~.~~~~~~~~~~~~~~~~~~~~~~~~~~~~~~~~~~~~~~~~~~~~~~~~~~~~~~~~~~~~~~~~~~~~~~~~~~~~~~~.~~~........%%%%%%%%%%%%%%%%%%%.......%.%%%%%%%%%.#############..........$............................................................................#
#......................%%%%%%%%%%%%%%...................................................#############......................................~~~.~~~~.~~~~~~~~~~~~~~~~~~~~~~~~~~~~~~~~~~~~~~~~%%~~~%~%~~~~~~~~~~~%~~~~~~~~~~~~~~~~~~~~~~~~~~~~.~~.....~.%%%%%%%%%%%%%%%%%%%%.......%%%%%%%%%.#############.......................................................................................#
#..........................%%%.%%........................................................###########......................................~~..~.~~~.~~~~~~~~~~~~~~~~~~~~~~~~~~~~~~~~~~~%%%%%%%%%%%%%%%%%~~~~~%%%%%%%%~~~~~~~~~~~~~~~~~~~~~~~~~~.~~~~~.~%%%%%%%%%%%%%%%%%%%%........%.%%...#.###########..........................................................................$.............#
#.........................................................................................###########....................................~.~.~..~~~~~~~~~~~~~~~~~~~~~~~~~~~~~~~~~~~~~%%%%%%%%%%%%%%%%%%%%%~~%%%%%%%%%%%%~~~~~~~~~~~~~~~~~~~~~~~~~~.~~..~...%.%%%%%%%%%%%%%%................############........................................................................................#
#...............................................................................$..........#######%###%...............................~....~~~.~~~~~~~~~~~~~~~~~~~~~~~~~~~~~~~~~~~~~%%%%%%%%%%%%%%%%%%%%%%%%%%%%%%%%%%%%~~~~~~~~~~~~~~~~~~~~~~~~~~~~~~~~~~...%%%%%%%%%%%%%%%...............###########.........................................................................................#
#...........................................................................................###%%%%%%%%%.%................................~~~~~~~~~~~~~~~~~~~~~~~~~~~~~~~~~~~~~~~~~%%%%%%%%%%%%%%%%%%%%%%%%%%%%%%%%%%%%%~~~~~~~~~~~~~~~~~~~~~~~~~~~~~~~..~...%%%%%%%%%%%%%%................#########...........................................................................................#
#..................................##.#.....................................%%.%%..........%%%%%%%%%%%%%%%%..........................~~~.~~~~~~~~~~~~~~~~~~~~~~~~~~~~~~~~~~~~~~~~~~%%%%%%%%%%%%%%%%%%%%%%%%%%%%%%%%%%%%%%~~~~~~~~~~~~~~~~~~~~~~~~~~~~~~~......%%%%%%%%%%%%%.........$........#######...........................................................................................#
#..............................#.########................................%%%%%%%%%%%%%.....%%%%%%%%%%%%%%%%%%......................~..~~~~~.~~~~~~~~~~~~~~~~~~~~~~~~~~~~~~~~~~~~~~%~%%%%%%%%%%%%%%%%%%%%%%%%%%%%%%%%%%%%%%~~~~~~~~~~~~~~~~~~%~%~~%~~%~~.~...~...%%%%%%%%%%%...............##########...........................................................................................#
#.............................############.............................%%%%%%%%%%%%%%%%%%%%%%%%%%%%%%%%%%%%%......................~~.~~.~~~~~~~~~~~~~~~~~~~~~~~~~~~~~~~~~~~~~~~~~~~~~%%%%%%%%%%%%%%%%%%%%%%%%%%%%%%%%%%%%%%~~~~~~~~~~~~~%%%%%%%%%%%%%%%%%%~~.~.%.%%%%%%%..................###########..........................................................................................#
#.............................#############..........................%%%%%%%%%%%%%%%%%%%%%%%%%%%%%%%%%%%%%%%%.....................~..~~.~~~~~~~~~~~~~~~~~~~~~~~~~~~~~~~~~~~~~~~~~~~~%%%%%%%%%%%%%%%%%%%%%%%%%%%%%%%%%%%%%%~~~~~~~~~~~~%%%%%%%%%%%%%%%%%%%%%%~......%%.%..................############..........................................................................................#
#............................###############................%.........%%%%%%%%%%%%%%%%%%%%%%%%%%%%%%%%%%%%%%%%..................~~....~~~~~~~~~~~~~~~~~~~~~~~~~~~~~~~~~~~~~~~~~~~~~~~~%~%%%%%%%%%%%%%%%%%~%%%%%%%%%%%%%%%%~~~~~~~~~~~%%%%%%%%%%%%%%%%%%%%%%%%~~~~.........................###########..........................................................................................#
#.............$...............#############.............%%%%%%%%......%%%%%%%%%%%%%%%%%%%%%%%%%%%%%%%%%%%%%%%%.................~~~~~~~~~~~~~~~~~~~~~~~~~~~~~~~~~~~~~~~~~~~~~~~~~~~~~~~~~~~~~~%%%%~~~~~~~%%%%%%%%%%%%%%%%%%~~~~~~~~~%%%%%%%%%%%%%%%%%%%%%%%%%%%~~...........................#########...........................................................................................#
#.............................############..............%%%%%%%%........%%%%%%%%%%%%%%%%%%%%%%%%%%%%%%%%%%%%%...............~~~~~.~~~~~~~~~~~~~~~~~~~~~~~~~~~~~~~~~~~~~~~~~~~~~~~~~~~~~~~~~~~~~~~%%%%%~~~%%%%%%%%%%%%%%%%~~~~~~~~~~~~%%%%%%%%%%%%%%%%%%%%%%%%%..~~~........................%%##%#%%%...........................................................................................#
#..............................##########............%%%%%%%%%%%%%......%%%%%%%%%%%%%%%%...%%%%%%%%%%%%%%%%%%.............~~~...~.~~~~~~~~~~~~~~~~~~~~~~~~~~~~~~~~~~~~~~~~~~~~~~~~~~~~~~~~~~~~%%%%%%%%%%%%%%%%%%%%%%%%%%%~~~~~~~~~~~~~##%%%%%%%%%%%%%%%%%%%~%~~~~~~....~....................%%%%%%%............................................................................................#
#..................................#.................%%%%%%%%%%%%%...........%%.%..........%%%%%%%%%%%%%%%%..............~.~.~~.~~~~~~~~~~~~~~~~~~~~~~~~~~~~~~~~~~~~~~~~~~~~~~~~~~~~~~~~~~~~%%%%%%%%%%%%%%%%%%%%%%%%%%%%~~~~~~~~~~~~#####%%%%%%%%%%%%%%%~%~~~~~~~~~~.~.......................%%%%%%............................................................................................#
#....................................................%%%%%%%%%%%%%...........................%.%%%%%%%%%%........###....~...~~~~~~~~~~~~~~~~~~~~~~~~~~~~~~~~~~~~~~~~~~~~~~~~~~~~~~~~~~~~~~~%%%%%%%%%%%%%%%%%~%%%%%%%%%%%~~~~~~~~~~~#######~~~~~~~%~~~~~~~~~~~~~~~.~~..~......................%.................................................................................................#
#...................................................%%%%%%%%%%%%%%%................................%...........########...~.~~~~~~~~~~~~~~~~~~~~~~~~~~~~~~~~~~~~~~~~~~~~~~~~~~~~~~~~~~~~~~%%%%%%%%%%%%%%%%%%%%%%%%%%%%~~~~~~~~~~~~~#######~~~~~~~~~~~~~~~~~~~~~~~.~~~.~........................................................................................................................#
#...................................................%%%%%%%%%%%%%%............................................###########~..~~#~#~~~~~~~~~~~~~~~~~~~~~~~~~~~~~~~~~~~~~~~~~~~~~~~~~~~~~~~~~%%%%%%%%%%%%%%%%%%%~%%%%~%~~~~~~~~~~~~~~~#######~~~~~~~~~~~~~~~~~~~~~~~~~~~.~.~.....................................$..........................................$.....................................#
#....................................................%%%%%%%%%%%%%...........................................#############.#########~~~~~~~~~~~~~~~~~~~~~~~~~~~~~~~~~~~~~~~~~~~~~~~~~~~~~%%%%%%%%%%%%%%%%%%%%%~~~~~~~~~~~~~~~~~~~~~########~~~~~~~~~~~~~~~~~~~~~~~~..~.~~......................................................................................................................#
#....................................................%%%%%%%%%%%%%............................................###########.############~~~~~~~~~~~~~~~~~~~~~~~~~~~~~~~~~~~~~~~~~~~~~~~~~~~~%%%%%%%%%%%%%%%%%%%%~~~~~~~~~~~~~~~~~~~~########~~~~~~~~~~~~~~~~~~~~~~~~~~.~~~~......................................................................................................................#
#....................................................%%%%%%%%%%%%%%..................$........................#.######################~~~~~~~~~~~~~~~~~~~~~~~~~~~~~~~~~~~~~~~~~~~~~~~~~~~~~%%%%%%%%%%%%%%%%%%~~~~~~~~~~~~~~~~~~~~~~########~~~~~~~~~~~~~~~~~~~~~~~~~~.~.~~..~............................................................................%.%...................................#
#......................................................%%%%%%%%%%.................................................####~~.##############~~~~~~~~~~~~~~~~~~~~~~~~~~~~~~~~~~~~~~~~~~~~~~~~~~~~%%%%%%%%%%%%%%%%~%~~~~~~~~~~~~~~~~~~~~~~#######~~~~~~~~~~~~~~~~~~~~~~~~~~~~~~~~..~.........................................................................%%%%%%%%%%...............................#
#..............%.%%..%.................................%%%%%%%%%..............................................$........~.#############~~~~~~~~~~~~~~~~~~~~~~~~~~~~~~~~~~~~~~~~~~~~~~~~~~~~~%%%%%%%%%%%%%%%~~~~~~~~~~~~~~~~~~~~~~~~~######~~~~~~~~~~~~~~~~~~~~~~~~~~~~~~..~.~~.......................................................................%%%%%%%%%%%%%..............................#
#..........%%%%%%%%%%%%%............................$...%%%%%%%%......................................................~~~~############~~~~~~~~~~~~~~~~~~~~~~~~~~~~~~~~~~~~~~~~~~~~~~~~~~~~~~~~%%%%%%%%%%~~~~~~~~~~~~~~~~~~~~~~~~~~~~#####~~~~~~~~~~~~~~~~~~~~~~~~~~~~~~~..~...~...................................................................%%%%%%%%%%%%%%%%......$......................#
#.........%%%%%%%%%%%%%%%%...............................%..%%...................................#.......#..#....~.~.~.~~~~########~#~~~~~~~~~~~~~~~~~~~~~~~~~~~~~~~~~~~~~~~~~~~~~~~~~~~~~~~##~####%%~~~~~~~~~~~~~~~~~~~~~~~~~~~~~~~~###~~~~~~~~~~~~~~~~~~~~~~~~~~~~~~~~~.~~..~...................................................................%%%%%%%%%%%%%%%%%............................#
#......%%%%%%%%%%%%%%%%%%%......................................................................###...#########.......~.~~~~~~~##~~~~~~~~~~~~~~~~~~~~~~~~~~~~~~~~~~~~~~~~~~~~~~~~~~~~~~#~####~########~#~##~~~~~~~~~~~~~~~~~~~~~~~~~~~~#~~~~~~~~~~~~~~~~~~~~~~~~~~~~~~~~~~~~.......................................................................%%%%%%%%%%%%%%%.............................#
#.......%%%%%%%%%%%%%%%%%%%........%%%%%.%.....................................................#####..#########.~.~~~~~.~~~~~~~~~~~~~~~~~~~~~~~~~~~~~~~~~~~~~~~~~~~~~~~~~~~~~~~~~~~~~~###################~###~~~~~~~~~~~~~~~~~~~~~~~~~~~~~~~~~~~~~~~~~~~~~~~~~~~~~~~~~~~~~~~~......................................................................%%%%%%%%%%%%%%%.............................#
#.......%%%%%%%%%%%%%%%%%%%....%%%%%%%%%%%%%...................................................#####.###########..~.~.~~~~~~~~~~~~~~~~~~~~~~~~~~~~~~~~~~~~~~~~~~~~~~~~~~~~~~~~~~~~~#~########################~#~#~~~~~~~~~~~~~~~~~~~~~~~~~~~~~~~~~~~~~~~~~~~~~~~~~~~~~~~~~~~.~.......................................................................%%%%%%%%%%%%..............................#
#....%%%%%%%%%%%%%%%%%%%%%%.%%%%%%%%%%%%%%%%%%%%...............................................##################.~~..~~~~~~~~~~~~~~~~~~~~~~~~~~~~~~~~~~~~~~~~~~~~~~~~~~~~~~~~~~~###############################~~~~~~~~~~~~~~~~~~~~~~~~~~~~~~~~~~~~~~~~~~~~~~~~~~~~~~~~~~~~~~.~..................................................................%%%%%%%%%%%%.................................#
#...$%%%%%%%%%%%%%%%%%%%%%%%%%%%%%%%%%%%%%%%%%%.%.............................................####################.~~.~~~~~~~~~~~~~~~~~~~~~~~~~~~~~~~~~~~~~~~~~~~~~~~~~~~~~~#~#~###################################~~~~~~~~~~~~~~~~~~~~~~~~~~~~%~~~~~~~~~~~~~~~~~~~~~~~~~~~....~................................................................%%%%%%%%%%%%%%%................................#
#...%%%%%%%%%%%%%%%%%%%%%%%%%%%%%%%%%%%%%%%%%%%%...............................................###################..~~~~~~~~~~~~~~~~~~~~~~~~~~~~~~~~~~~~~~~~~~~~~~~~~~~~~~~~~########################################~~~~~~~~~~~~~~~~~~~~~~%%%%%%%~~~~~~~~~~~~~~~~~~~~~~~...~..~..............................................................%%%%%%%%%%%%%%%%%%%..............................#
#..%%%%%%%%%%%%%%%%%%%%%%%%%%%%%%%%%%%%%%%%%%%%%............................................%%####################...~.~~~~~~~~~~~%%%~%~~~~~~~~~~~~~~~~~~~~~~~~~~~~~~~~~~~~~##~####################################~##~~~~~~~~~~~~~~~~~~~%%%%%%%%%%%~~~~~~~~~~~~~~~~~~~~~~~~..~~...............................................................%%%%%%%%%%%%%%%%%...............................#
#%%%%%%%%%%%%%%%%%%%%%%%%%%%.%%%%%%%%%%%%%%%%%%..............................................%%##################~~~~~~%~%~~~~~%%%%%%%%%%%~~~~~~~~~~~~~~~~~~~~~~~~~~~~~~~~~~#########################################~~~~~~~~~~~~~~~~~~~%%%%%%%%%%%%~~~~~~~~~~~~~~~~~~~~~~~.~...~.............................................................%%%%%%%%%%%%%%%%%%...............................#
#..%%%%%%%%%%%%%%%%%%%%%%%%%%.%%%%%%%%%%%%%.%.............................................%%%%%#####%############..~%%%%%%%%%%%%%%%%%%%%%%%%~~~~~~~~~~~~~~~~~~~~~~~~~~~~~~~##########################################~~~~~~~~~~~~~~~~~~~%%%%%%%%%%%%%~~~~~~~~~~~~~~~~~~~~~~~~.~~~..............................................................%.%%%%%%%%%%%%%%................................#
#.%.%%%%%%%%%%%%%%%%%%%%%%%%%%......%%...%...............................................%%%%%%%####%##########..~~%%%%%%%%%%%%%%%%%%%%%%%%%%%~~~~~~~~~~~~~~~~~~~~~~~~~~~~#~#######################%#%#################~~~~~~~~~~~~~~~~%%%%%%%%%%%%%%%~~~~~~~~~~~~~~~~~~~~~.~~...................................................................%%%%%%%%%%%.%.................................#
#.%%%%%%%%%%%%%%%%%%%%%%%%%.%...........................................................%%%%%%%%###%%%########...~%%%%%%%%%%%%%%%%%%%%%%%%%%%~~~~~~~~~~~~~~~~~~~~~~~~~~~~~~#################%#%%%%%%%%%##############~#~~~~~~~~~~~~~~~~~%%%%%%%%%%%%%~~~~~~~~~~~~~~~~~~~~~~~~~.......................................................................%.%%%.....................................#
#..%%%%%%%%%%%%%%%%%%%%%%%%%.............................................................%%%%%%%%%%%%%%%##.##....%%%%%%%%%%%%%%%%%%%%%%%%%%%%%%~~~~~~~~~~~~~~~~~~~~~~~~~~~##~###############%%%%%%%%%%%%%#############~#~~~~~~~~~~~~~~~%%%%%%%%%%%%%%~~~~~~~~~~~~~~~~~~~~~~.~~.~...............................................................................................................#
#..%%%%%%%%%%%%%%%%%%%%%%%%..............................................................%%%%%%%%%%%%%%%%%%......%%%%%%%%%%%%%%%%%%%%%%%%%%%%%%~~~~~~~~~~~~~~~~~~~~~~~~~~~~~##############%%%%%%%%%%%%%%%%%###########~~~~~~~~~~~~~~~~~~%%%%%%%%%%%%%~~~~~~~~~~~~~~~~~~~~~~.~.~~.........................................................................................$.....................#
#...%.%%%%%%%%%%%%%%%%%%..%.......................................%%%.%.%.....%%%%%%%...%%%%%%%%%%%%%%%%%%.......~%%%%%%%%%%%%%%%%%%%%%%%%%%%%%~~~~~~~~~~~~~~~~~~~~~~~~~~~~################%%%%%%%%%%%%%%%%###########~~~~~~~~~~~~~~~~~~~%%%%%%%%%%%%~%%~~~%~~~~~~~~~~~~~~~~~~~................................................................................................................#
#......%%%%%%%%%%%%%%%%%.%....................................%%%%%%%%%%%%%%%%%%%%%%%....%%%%%%%%%%%%%%%%%.......~%%%%%%%%%%%%%%%%%%%%%%%%%%%~~~~~~~~~~~~~~~~~~~~~~~~~~~~~~~###############%%%%%%%%%%%%%%%%#########~~#~~~~~~~~#~~~~~~~~~%%%%%%%%%%%%%%%%%%%%%%~~~~~~~~~~~~~.~~...............$................................................................................................#
#.......%.%%%%%%%%%%%........................................%%%%%%%%%%%%%%%%%%%%%%%%%%.%%%%%%%%%%%%%%%%%.........~.%%%%%%%%###%%%%%%%%%%%%%%~~~~~~~~~~~~~~~~~~~~~~~~~~~~%%~%%#############%%%%%%%%%%%%%%%#########%%%%%~~~~~~~####~~~~~~~~%%%%%%%%%%%%%%%%%%%%%%%~~~~~~~~~~~~~~..................................................................................########.....................#
#............%.%%%.%%.......................................%%%%%%%%%%%%%%%%%%%%%%%%%%..%%%%%%%%%%%%%%%%%.%......~~..%%%%%#######%%%%%%%%%%%~~~~~~~~~~~~~~~~~~~~~~~~~%%%%%%%%%#%##############%%%%%%%%%##########%%%%%%%%%~~~~######~~~~~~~~%%%%%%%%%%%%%%%%%%%%%%%~~~~~~~~~.~....................................##..............................................#########....................#
#........................................................%.%%%%%%%%%%%%%%%%%%%%%%%%%%%%...%%%%%%%%%%%%%%%%..........~~~%###########%%%%%~~~~~~~~~~~~~~~~~~~~~~~~~~~~%%%%%%%%%%%%%#################%#%%##########%%%%%%%%%%%%~~######~~~~~~%~%%%%%%%%%%%%%%%%%%%%%%%~~~~~~~~...~.................................#####............................................##########....................#
#........................................................%%%%%%%%%%%%%%%%%%%%%%%%%%%%%%...%%%%%%%%%%%%%%%...........~~~~###########%~~%~~~~~~~~~~~~~~~~~~~~~~~~~~~~~~%%%%%%%%%%%%##############################%%%%%%%%%%%%%%~######~~~~~~~~%%%%%%%%%%%%%%%%%%%%%%~%~~~~~~~.~.~.~.............................%#######............................................#########....................#
#........................................................%%%%%%%%%%%%%%%%%%%%%%%%%%%%%%.....%%%%%%%%%%%%...........~~~~#############~~~~~~~~~~~~~~~~~~~~~~~~~~~~~~~%%%%%%%%%%%%%%############################%%%%%%%%%%%%%%%%~#####~~~~~~~~~~~%%%%%%%%%%%%%%%%%%%~%~~~~~~~~~................................%%%#######.............................................#######.....................#
#.........................................................%%%%%%%%%%%%%%%%%%%%%%%%%%%%%%.....%%%%%%%%%%.........~~..~.~~############~~~~~~~~~~~~~~~~~~~~~~~~~~~~~~%%%%%%%%%%%%%%%%%%########################~%%%%%%%%%%%%%%%%~~~~~~~~~~~~~~~~~~%~%%%%%%%%%%%%%~~%~~~~~~~~~~~..............................%%%%%########..............%.%.............................#.........................#
#..........................................................%%%%%%%%%%%%%%%%%%%%%%%%%%%%........%..%.................~~~~###########~~~~~~~~~~~~~~~~~~~~~~~~~~~~~~%%%%%%%%%%%%%%%%%%%~####################~###%%%%%%%%%%%%%%%%%~~~~~~~~~~~~~~~~~~~~~~~~~%%~~~~~~~~~~~~~%~~~~...............................%%%%%########.............%%%%%%..................................%%%................#
#.........................................................%%%%%%%%%%%%%%%%%%%%%%%%%%%%%.........................~...~..~~########~~~~~~~~~~~~~~~~~~~~~~~~~~~~~~~~~~%%%%%%%%%%%%%%%%~~~~##~#~~######~####~#~~~~%%%%%%%%%%%%%%%~~~~~~~~~~~~~~~~~~~~~~~~~~~~~~~~~~~~~~%%%%%%%~..~...........................%%%%%%#######%%..........%%%%%%%%................................%%%%%%%%%............#
#...........................................................%.%%%%%%%%%%%%%%%%%%%%%%%................................~~.~~~~##~~~~~~~~~~~~~~~~~~~~~~~~~~~~~~~~~~~%%%%%%%%%%%%%%%%%%~~~~~#~#~#~~~~~~~~~~~~~~~~%~%%%%%%%%%%%%%%%~~~~~~~~~~~~~~~~~~~~~~~~~~~~~~~~~~~~%%%%%%%%%.~~...........................%%%%%%%#####%%%.........%%%%%%%%%%%...............................%%%%%%%%%...........#
#.................................%%............................%.%%%%%%%%%%%%%%%%%%%%..............................~..~~~~~~~~~~~~~~~~~~~~~~~~~~~~~~~~~~~~~~~~~~~%%%%%%%%%%%%%%%%%%~~~~~~~~~~~~~~~~~~~~~~~~~~%%%%%%%%%%%%%%~~~~~~~~~~~~~~~~~~~~~~~~~~~~~~~~~~~~~~%%%%%%%%%~~..~.........................%%%%%%%%##%%%%%%.........%%%%%%%%%%..........%.%%%%%%..........%%%%%%%%%%%%...........#
#............................%.%%%%%%%..............................%%.......%%%%%%%.................................~...~~~~~~~~~~~~~~~~~~~~~~~~~~~~~~~~~~~~~~~~%%%%%%%%%%%%%%%%%%%~~~~~~~~~~~~~~~~~~~~~~~~~~~%%%%%%%%%%%%~~~~~~~~~~~~~~~~~~~~~~~~~~~~~~~~~~~~~~%%%%%%%%%%%.............................%%%%%%%%%%%%%%%%........%%%%%%%%%%%..........%%%%%%%%%..........%%%%%%%%%%%%..........#
#...........................%%%%%%%%%%%.........................................%.%.................................~.......~~~~~~~~~~~~~~~~~~~~~~~~~~~~~~~~~~~~~~~%%%%%%%%%%%%%%%%~~~~~~~~~~~~~~~~~%~~%~%~~~~~~~%%%%%%%~~~~~~~~~~~~~~~~~~~~~~~~~~~~~~~~~~~~~~~~~%%%%%%%%%%%%............................%%%%%%%%%%%%%%%........%%%%%%%%%%%%.........%%%%%%%%%%%........%%%%%%%%%%%%...........#
#...........................%%%%%%%%%%%%%............................................................................~..~.~~~~~~~~~~~~~~~~~~~~~~~~~~~~~~~~~~~~~~~~~%%%%%%%%%%%%%%%~~~~~~~~~~~~~~~%%%%%%%%%%%~~~~~~~%~%~~~~~~~~~~~~~~~~~~~~~~~~~~~~~~~~~~~~~~~~~%~%%%%%%%%%%%%%%%.........................%%%%%%%%%%%%%%%%.......%%%%%%%%%%%%%.......%%%%%%%%%%%%%.......%%%%%%%%%%%%%%.........#
#...........................%%%%%%%%%%%%%%..............................................................................~~~~.~~~~~~~~~~~~~~~~~~~~~~~~~~~~~~~~~~~~~~%%%%%%%%%%%%%%~~~~~~~~~~~~~~~%%%%%%%%%%%%%~~~~~~~~~~~~~~~~~~~~~~~~~~~~~~~~~~~~~~~~~~~~~~~~%~%%%%%%%%%%%%%%%%%%%.....................$.%%%%%%%%%%%%%%%%.......%%%%%%%%%%%%.......%%%%%%%%%%%%%%%%.....%%%%%%%%%%%%%%.........#
#...........................%%%%%%%%%%%%%%............................................................................~...~~~.~~~~~~~~~~~~~~~~~~~~~~~~~~~~~~~~~~~~~~%~%%%%%%%%%%%~~~~~~~~~~~~~%%%%%%%%%%%%%%%%~~~~~~~~~~~~~~~~~~~~~~~~~~~~~~~~~~~~~~~~~~~~~~~%%%%%%%%%%%%%%%%%%%%........................%%%%%%%%%%%%%%..........%%%%%%%%%%%........%%%%%%%%%%%%%%%%%...%%%%%%%%%%%%%%.........#
#......$...................%%%%%%%%%%%%%%%.......................................................................$.....~.~.~~~~~~~~~~~~~~~~~~~~~~~~~~~~~~~~~~~~~~~~~~~~%%%%%%%%%~~~~~~~~~~~~~%%%%%%%%%%%%%%%%%%%~~~~~~~~~~~~~~~~~~~~~~~~~~~~~~~~~~~~~~~~~~~~%%%%%%%%%%%%%%%%%%%%%%%........................%%%%%%%%%%%%..........%%%%%%%%%%%........%%%%%%%%%%%%%%%%%%..%%%%%%%%%%%%%%.........#
#..........................%%%%%%%%%%%%%%%..............................................................................~~.~~.~~~~~~~~~~~~~~~~~~~~~~~~~~~~~~~~~~~~~~~~~~%~~~%~~~~~~~~~~~~~~~~%%%%%%%%%%%%%%%%%%%~~~~~~~~~~~~~~~~~~~~~~~~~~~~~~~~~~~~~~~~~~~%%%%%%%%%%%%%%%%%%%%%%%%........................%%%%%%%%%%%%..........%%%%%%%%%%%........%%%%%%%%%%%%%%%%%%%%%%%%%%%%%%%%%..........#
#..........................%%%%%%%%%%%%%%%....................................$..........................................~.~.~~..~~~~~~~~~~~~~~~~~~%~~~~~~~~~~~~~~~~~~~~~~~~~~~~~~~~~~~~~~~~~%%%%%%%%%%%%%%%%%%~~~~~~~~~~~~~~~~~~~~~~~~~~~~~~~~~~~~~~~~~~~~~%%%%%%%%%%%%%%%%%%%%%%%%........................%%%%%%%%%..............%%%%%%%.........%%%%%%%%%%%%%%%%%%%%%%%%%%%%%%%%%%%.........#
#.........................%%%%%%%%%%%%%%%%..............................................................................~.~~.~~~~~~~~~~~~~~~~~~~~%%%%%%%%~~~~~~~~~~~~~~~~~~~~~~~~~~~~~~~~~~~~~~%%%%%%%%%%%%%%%~~~~~~~~~~~~~~~~~~~~~~~~~~~~~~~~~~~~~~~~~~~~~~%%%%%%%%%%%%%%%%%%%%%%%...........................%%%.%................%%%%%%.........%.%%%%%%%%%%%%%%%%%%%%%%%%%%%%%%%%%..........#
#..........................%%%%%%%%%%%%%%.......................................................%.....%...................~...~~~~~~~~~~~~~~~~~~~%%%%%%%%%%~~~~~~~~~~~~~~~~~~~~~~~~~~~~~~~~~~~~%%%%%%%%%%%%%%~~~~~~~~%~%~~~~~~~~~~~~~~~~~~~~~~~~~~~~~~~~~~~%%%%%%%%%%%%%%%%%%%%%%%%%................................................%.%%...........%%%%%%%%%%%%%%%%%%%%%%%%%%%%%%%%%...........#
#...........................%%%%%%%%%%%%%......................................................%%%%%%%%......................~~.~.~~~~~~~~~~~~~%%%%%%%%%%%%~~~~~~~~~~~~~~~~~~~~~~~~~~~~~~~~~~~~~%%%%%%%%%%%%~%%~%%%%%%%%%%%%%%~~~~~~~~~~~~~~~~~~~~~~~~~~~~~%~%%%%%%%%%%%%%%%%%%%%%%..............................%%.%...............$..............%%%%%%%%%%%%%%%%%%%%%%%%%%%%%%%%%...........#
#.............................%%%%%%%%%%.....................................................%%%%%%%%%%%%....................~..~.~~~~~~~~~~~~~%%%%%%%%%%%%%~~~~~~~~~~~~~~~~~~~~~~~~~~~~~~~~~~~~~%%%%%%%%%%%%%%%%%%%%%%%%%%%%%%%%~~~~~~~~~~~~~~~~~~~~~~~~~~~~~%%%%%%%%%%%%%%%%%%%%%.......................%%%%%%%%%%%%%%%%........................%.%%%%%%%%%%%%%%%%%%%%%%%%%%%%%%.............#
#.............................%.%%%%%%%%....................................................%%%%%%%%%%%%%%%.......................~.~~~~~~~~~~~%%%%%%%%%%%%%%~~~~~~~~~~~~~~~~~~~~~~~~~%~%~%~~~~~%%%%%%%%%%%%%%%%%%%%%%%%%%%#%%%%%~%~~~~~~~~~~~~~~~~~~~~~~~~~~%%%%%%%%%%%%%%%%%%%%%.....................%.%%%%%%%%%%%%%%%%%%%%.......................%%%%%%%%%%%%%%%%%%%%%%%%%%%%%%.............#
#............................%%%%%%%........................................................%%%%%%%%%%%%%%%.....................~~.~.~~~~~~~~~~%%%%%%%%%%%%%%~~~~~~~~~~~~~~~~~~~~~%%%%%%%%%~~~~%%%%%%%%%%%%%%%%%%%%%%%%#%######%%%~~~~~~~~~~~~~~~~~~~~~~~~~~.%%%%%%%%%%%%%%%%%%%.......................%%%%%%%%%%%%%%%%%%%%%%%%.......................%%%%%%%%%%%%%%%%%%%%%%%%%%%%.............#
#............................%%%%%%%%.......................................................%%%%%%%%%%%%%%%%.....................~~.~~~~~.~~~~~%%%%%%%%%%%%%%~~~~~~~~~~~~~~~~~~~~%%%%%%%%%%%%~~%%%%%%%%%%%%%%%%%%%%%%%###########~~~~~~~~~~~~~~~~~~~%%~~~~..~.~~.%%%%%%%%%%%%%..................##....%%%%%%%%%%%%%%%%%%%%%%%.%.....................%.%%%%%%%%%%%%%%%%%%%%%%%%%%%%.............#
#..........................%%%%%%%%%%......................................................#%%%%%%%%%%%%%%%%.....................~~~~.~~~%.%~~~%%%%%%%%%%%%~%~~~~~~~~~~~~~~~~~~~~%%%%%%%%%%%%%%%%%%%#####%%%%%%%%%%%%#############~~~~~~~~~~~~~~~~%~%%%%%....~....%%%%%%%%%%%%...............######...%.%%%%%%%%%%%%%%%%%%%%%.....%%.%.%...............%%.%%%%%%%%%%%%%%%%%%%%%%%%.............#
#........................$.%%%%%%%%%%%.....................................................##%%%%%%%%%%%%%%.........................%%%%%%%%%~~~%%%%%%%%%%%%~~~~~~~~~~~~~~~~~~~%%%%%%%%%%%%%%%%%%%%######%%%%%%%%%%%%#############~~~~~~~~~~~~~~%%%%%%%%%%%...~.....%%..%...................########...%.%%%%%%%%%%%%%%%%%%%%....%%%%%%..%................%..%%%%%%%%%%%%%%%%%%%%%%%%%%........#
#..........................%%%%%%%%%%%........................$............................##%%%%%%%%%%%%..........................%%%%%%%%%%%~~%%%%%%%%%%%~~~~~~~~~~~~~~~~~~~~~%%%%%%%%%%%%%%%%%%%#######%%%%%~~~~~~#############~~~~~~~~~~~~~%~%%%%%%%%%%%................................##########....%.%%%%%%%%%%%%%%....%%%%%%%%%%%%.%....................%%%%%%%%%%%%%%%%%%%%%%%%.%.....#
#.........................%%%%%%%%%%%%....................................................####%%%%%%%%%%%.........................%%%%%%%%%%%%~..%#%##%%%~~~~~~~~~~~~~~~~~~%~%~%%%%%%%%%%%%%%%%%%%%%#####%%%%%%~~~~~##############~~~~~~~~~~~~~%%%%%%%%%%%%%.............................$.###########.......%%....%%........%%%%%%%%%%%%%........................%%%%.%%%%%%%%%%%%%%%%%%%.....#
#..........................%%%%%%%%%%%%...................................................#######%###%#..........................%%%%%%%%%%%%%%~#########~~~~~~~~~~~%%%%%%%%%%%%%%%%%%%%%%%%%%%~~%%%####%%%%%%~~~~~~~#############~~~~~~~~~~~~~%%%%%%%%%%%%%%..............................############......................%%%%%%%%%%%%%%..........................%%%%%%%%%%%%%%%%%%%%%%....#
#..........................%%%%%%%%%%%%..................................................############............................%%%%%%%%%%%%%%%#########~~~~~~~~%~%%%%%%%%%%%%%%%%%%%%%%%%%%%%~%%%%%%##%%%%~%~~~~~~~##############~~~~~~~~~~~%%%%%%%%%%%%%%...............................###########......................%%%%%%%%%%%%%%%%.........................%%%%%%%%%%%%%%%%%%%%%%%...#
#.........................%%%%%%%%%%%%...................................................############............................%%%%%%%%%%%%%############~~~~~~%~%%%%%%%%%%%%%%%%%%%%%%%%%%%%~~~~~%%%%%%%%~~~~~~~~~~~############~~~~~.~~~~~~~%%%%%%%%%%%%%%.......$......................############....................%%%%%%%%%%%%%%%%%%%........................%%%%%%%%%%%%%%%%%%%%%%%..#
#...........................%%%%%%%%%%..................................................#############............................%%%%%%%%%%%%%#############~~~~%%%%%%%%%%%%%%%%%%%%%%%%%%%%%%~~~~~~~%~~~~%~~~~~~~~~~~~###########~~~~~~~~.~.~.%%%%%%%%%%%%%%%...............................############....................%%%%%%%%%%%%%%%%%%%%%...................%%%%%%%%%%%%%%%%%%%%%%%%%..#
#..........................%%%%%%%%%%%.................................................##############.............................%%%%%%%%%%%%############.~~~~%%%%%%%%%%%%%%%%%%%%%%%%%%%%~~~~~~~~~~~~~~~~~~~~~~~~~~~~########~~~~.~~~~..~~.~%%%%%%%%%%%%%%................................#############.................%%%%%%%%%%%%%%%%%%%%%%%%..................%%%%%%%%%%%%%%%%%%%%%%%..%.#
#............................%%%%%%%%..................................................############...............................%%%%%%%%%%%%%###########..~%.%%%%%%%%%%%%%%%%%%%%%%%%%%~~~~~~~~~~~~~~~~~~~~~~~~~~~~~~~~#~~#~~~~~.~~~..~..~.~.%%%%%%%%%%%%%................................##############.................%%%%%%%%%%%%%%%%%%%%%%%...................%%%%%%%%%%%%%%%%%%%%%%%...#
#...........................%.%%%%%...................................................#############.................................%%%%%%%%%%...#######....~..%%%%%%%%%%%%%%%%%%%%%%%%%%%~~~~~~~~~~~~~~~~~~~~~~~~~~~~~~~~~.~~.~~.~.~~~~.~......%%%%%%%%%%...................................#############...............%%%%%%%%%%%%%%%%%%%%%%%%%.%......$...........%%%%%%%%%%%%%%%%%%%%%%...#
#...............................%......................................................############...................................%%%%%.%......#....~.~..~%%%%%%%%%%%%%%%%%%%%%%%%%%~~~~~~~~~~~~~~~~~~~~~~~~~~~~~~~~~~.~~~.~.~~....~........%%%%%%%%%....................................##############...............%%%%%%%%%%%%%%%%%%%%%%%%%%...................%%%%%%%%%%%%%%%%%%%.....#
#......................................................................................###########.....................................%.%.....................%%%%%%%%%%%%%%%%%%%%%%%%%~~~~~~~~~~~~~~~~~~~~~~%~~~~~~.~~~~~~.~~~~..................%%%%%%.....................................#############..............%%%%%%%%%%%%%%%%%%%%%%%%%%%....................%%%%%%%%%%%%%%%%.......#
#.....................................................................................############..............................................................%%%%%%%%%%%%%%%%%%%%%%%~~~~~~~~~~~~.~~~~~~~~%%%%%%~%~~...~..........................%%........................................#############...............%%%%%%%%%%%%%%%%%%%%%%%%%.......................%%%%%%%%%%%..........#
#............%.%....................................................................############..................................................................%%%%%%%%%%%%%%%%%%%%~~~~~..~~..~~~~~..~.~%%%%%%%%%...........................................................................#############...............%%%%%%%%%%%%%%%%%%%%%%%...........................%%%%%.............#
#..........%%%%%%...................................................................###########...................................................................%%%%%%%%%%%%%%%%%%%%...~~~..~~...~~..~..%%%%%%%%%%%..........................................................................##############................%%%%%%%%%%%%%%%%%%%%..............................................#
#..........%%%%%%%...........................................%%......%..............############..............%%%%...................................................%%%%%%%%%%%%%%........~~~~...~...~.~%%%%%%%%%%%%...........................................................................#############%%.%..............%.%%%%%%%%%%%%%.................................................#
#........%%%%%%%%%%.....................................%..%%%%%%%%%%%.%...........#############........%%%%%%%%%%%%%%%...............................................%...%.%.%.%..........~.~.........~.%%%%%%%%%%%%%............................................##.............................########%#%%%%%%%%%%%%%%%..........%%...%%....................................................#
#........%%%%%%%%%%....................................%%%%%%%%%%%%%%%%%%.........##############.....%%%%%%%%%%%%%%%%%%..................................................................................%%%%%%%%%%%%%%........................................#########.........................####%%%%%%%%%%%%%%%%%%%%%%%%..................................................................#
#.........%%%%%%%%%%..................................%%%%%%%%%%%%%%%%%%%%%%.....###############.....%%%%%%%%%%%%%%%%%%%%%%..............................................................................%%%%%%%%%%%%%%.......................................##########..........................###%%%%%%%%%%%%%%%%%%%%%%%%%.................................................................#
#.........%%%%%%%%....................................%%%%%%%%%%%%%%%%%%%%%%......#############.....%%%%%%%%%%%%%%%%%%%%%%...............................................................................%%%%%%%%%%%%%........................................###########........................$###%%%%%%%%%%%%%%%%%%%%%%%%%.................................................................#
#...........%%%%%%..................................%%%%%%%%%%%%%%%%%%%%%%%.......############.....%%%%%%%%%%%%%%%%%%%%%%%%%%.$.........................................................................%%%%%%%%%%%%%%........................................############........................###%%%%%%%%%%%%%%%%%%%%%%%%%.................................................................#
#............%.....................................%%%%%%%%%%%%%%%%%%%%%%%%%.....#######%%%#%......%%%%%%%%%%%%%%%%%%%%%%%%%%...........................................................................%%%%%%%%%%%%%%........................................############.........................####%%%%%%%%%%%%%%%%%%%%%%..................................................................#
#...................................................%%%%%%%%%%%%%##%%%%%%%%%%....#%%%%%%%%%%%%%%%%%%%%%%%%%%%%%%%%%%%%%%%%%%.............................................................................%%%%%%%%%%%%%........................................###########..........................#######%%%%%%%%%%%%%%%%.....................................................................#
#.................................................%.%%%%%%%%%%%%#####%%%%%%%%..##%%%%%%%%%%%%%%%%%%%%%%%%%%%%%%%%%%%%%%%%%%%..............................................................................%%%%%%%%%%%%.........................................########.............................########%#%##.%............................................................................#
#..................................................%%%%%%%%%%%%%#####%%%%%%%%..%#%%%%%%%%%%%%%%%%%%%%%%%%%%%%%%%%%%%%%%%%%%.%........................##....................................................%%%%%%%%%%...............................................................................########%%%%%%%%%%%%%%%....................................................................#
#....................................................%%%%%%%%%%#######%%%%%%%.##%%%%%%%%%%%%%%%%%%%%%%%%%%%%%%%%%%%%%%%%%%%........................######..................................................%%%%%%%%.................................................................................#####%%%%%%%%%%%%%%%%%%%%..................................................................#
#....................................................%%%%%%%%%%########%%%%%%.##%%%%%%%%%%%%%%%%%%%%%%%%%%%%%%%%%%%%%%%%%%%%.................$...########...........................................$.......%%%%%%..................................................................................####%%%%%%%%%%%%%%%%%%%%%%.................................................................#
#....................................................%%%%%%%%%%########%%%%...####%%%%%%%%%%%%%%%%%%%%%%%%%%%%%%%%%%%%%%.........................#########.#...........................%......................%%.....................................................................................##%%%%%%%%%%%%%%%%%%%%%%%.................................................................#
#......................................................%%%%%%%%########%%%%..#######%%%%%%%%%%%%%%.%%%%%%%%%%%%%%%%%%%...........................############........................%%%%%%............................................%...%.........................................................##%%%%%%%%%%%%%%%%%%%%%%%.................................................................#
#......................................................%%%%%%%#########%.....############%.........%%%%%%%%%%%%%%%..............................##############.....................%%%%%%%%%%.......................................%.%%%%%%%.$%......................................................###%%%%%%%%%%%%%%%%%%%%......................................$...........................#
#........................................................%%%.%%########.....##############..........%%%%%%%%%%%%%................................#############....................%%%%%%%%%%%......................................%%%%%%%%%%%%%%.....................................................#####%%%%%%%%%%%%%%.%....................................................................#
#..............................................................#######......####.########............%.%%%%%%%.%..................................######.#####...................%%%%%%%%%%%%%....................................%%%%%%%%%%%%%%%%.....................................................########%.###.%.........................................................................#
#..............................................................######......##.......#####...............%%...........................................##.######..................%.%%%%%%%%%%%.%..................................%%%%%%%%%%%%%%%%......................................................######.......#..........................................................................#
#............$..................................................#####......#.........##................$................................................#######..................%%%%%%%%%%%%%...................................%%%%%%%%%%%%%%%%%......................................................####...................................................................................#
#...............................................................$..#......#...........#..................................................................#####..................%%%%%%%%%%%%%%...................................%%%%%%%%%%%%%%%%%%.....................................................###............................$.......................................................#
#........................................................................#...............................................................................#####..................%%%%%%%%%%%%%%..................................%%%%%%%%%%%%%%%%%%%......................................$.....................................................................................................#
#.........................................................................................................................................................###$...................%%%%%%%%%%%%%%..................................%%%%%%%%%%%%%%%%%.....................................................................................%%%.....................................................#
#........................................................................#.................................................................................#.....................%%%%%%%%%%%%%...................................%%%%%%%%%%%%%%%%%.....................................................................................%%%%....................................................#
#.......................................................................#.........................................................................................................%%%%%%%%%%%....................................%%%%%%%%%%%%%%%%%....................................................................................%%%%%....................................................#
#..................##..........................$........................##................................................................................................%.%..%...%%%%%%%%%%.....................................%%%%%%%%%%%%%%.%...................................................................................%%%%%%%...................................................#
#................#####..................................................##.................................................#.........................................%%%%%%%%%%%%%%%%%%%%%.%.......................................%.%%%%%%%%%.%.......................................................................#.............%%%%%%%%..................................................#
#...............#######.................................................##...............................................######....................................%%%%%%%%%%%%%%%%%%%%...............................................%%%%%%%%%.....................................................................................%%%%%%%%%%.................................................#
#..............#########...............................................####..............................................#######.................................%%%%%%%%%%%%%%%%%%%%%.....................$............................%%...........................................%................................##............%%%%%%%%%..................................................#
#.............##########...........................................%%.######............................................########................................%.%%%%%%%%%%%%%%%%%%%%%%.......................................................................................%%%%%%%%%%%..%%%.........%............###............%%%%%%%%%%.................................................#
#.............##########........................................%%%%%%#######..........................................##########...............................%%%%%%%%%%%%%%%%%%%%%%%......................................................$..............................%%%%%%%%%%%%%%%%%%%%...%.%%%%%%.%.......#####...........%%%%%%%%%%.................................................#
#..............##########.......................................%%%%%%%%########........................................#########.................................%%#%%%%%%%%%%%%%%%%%%.%...................................................................................%%%%%%%%%%%%%%%%%%%%..%%%%%%%%%%%%%..##########.........%%%%%%%%%%.................................................#
#..............#########.......................................%%%%%%%%%%########......................................###########................................#######%%%%%%%%%%%%%%%%..................................................................................%%%%%%%%%%%%%%%%%%%%%%%%%%%%%%%%%%%..###########........%%%%%%%%%%..................................................#
#..............#########......................................%%%%%%%%%%#########......................................###########...............................########%%%%%%%%%%%%%%%%................................................................................%.%%%%%%%%%%%%%%%%%%%%%%%%%%%%%%%%%%%%%%###########........%%%%%%%%%..................................................#
#..............########......................................%%%%%%%%%%%%%#######.......................................#########...............................###########%%%%%%%%%%%%%..................................................................................%%%%%%%%%%%%%%%%%%%%%%%%%%%%%%%%%%%%%%%##########.........%%%%%%%%%...............%%%%...............................#
#..............########.......................................%%%%%%%%%%%%######........................................########...........##...................###########%%%%%%%%%%%%%..................................................................................%%%%%%%%%%%%%%%%%%%%%%%%%%%%%%%%%%%%%%%############.......%%%%%%%%..........$%%%%%%%%%%%%%%..........................#
#................######.......................................%%%%%%%%%%%######..........................................########.......#######..................#########%%%%%%%%%%%%%%..................................................................................%%%%%%%%%%%%%%%%%%%%%%%%%%%%%%%%%%%%%%%############........%%%%%%%...........%%%%%%%%%%%%%%%%........................#
#.................##..........................................%%%%%%%%%%%######...........................................#####........########..................#########%%%%%%%%%%%%%.................................................%.%..%.............................%%%%%%%%%%%%%%%%%%%%%%%%%%%%%%%%%%%%%%%###########.........%%%%...........%%%%%%%%%%%%%%%%%%%%......................#
#..............................................................%%%%%%%%%#######..............................................#.........#########..................#######%%%%%%%%%%%%..............................%%%.............%.%%%%%%%%%%%%.........................%.%%%%%%%%%%%%%%%%%%%%%%%%%%%%%%%%%%%%%##############........%.%.........%.%%%%%%%%%%%%%%%%%%%%%.....................#
#..............................................................%%%%%%%%%#######.......................................................###########...................#.......%%%%%%%...............................%%%%............%%%%%%%%%%%%%%%%%..........................%%%%%%%%%%%%%%%%%%%%%%%%%%%%%%%%%%%%##############....................%%%%%%%%%%%%%%%%%%%%%%......................#
#...............................................................%%%%%%#%#####..........................................................#########$............................%%...%...............................%%%%%%........%.%%%%%%%%%%%%%%%%%..........................%%%%%%%%%%%%%%%%%%%%%%%%%%%%%%%%%%%%.#############.....................%%%%%%%%%%%%%%%%%%%%%......................#
#.....................$........................................%%%%%%%%%%####..........................................................#########.................................................................%%%%%%%%.......%%%%%%%%%%%%%%%%%%%%%..........................%.%%%%%%%%%%%%%%.%%%%%%%%%%%%%%%%%.#############.....................%%%%%%%%%%%%%%%%%%%%.......................#
#..........................................................%%%%%%%%%%%%%%%#%#............................................................######..................................................................%%%%%%%%........%%%%%%%%%%%%%%%%%%%.................................%%%%%%%%%...%%%%%%%%%%%%%%%....###########.......................%%%%%%%%%%%%%%%%%%.......................#
#.........................................................%%%%%%%%%%%%%%%%%%.....$............................................%%..%%%......##...................................................................%%%%%%%%%%........%%%%%%%%%%%%%%%%%%...................................%%%%%%%...%%%%%%%%%%%%%%....###########.............#........%..%%%%%%%%%%%%.%%.........................#
#.........................................................%%%%%%%%%%%%%%%%%%%%............................................%.%%%%%%%%%%%.%.......................................................................%%%%%%%%%...........%%%%%%%%%%%%%.......................................%..%........%%%%%%%%%.......###########.........#########.%%%%%%%%%%%%%%..%............................#
#..........................%.%%.%.......................%%%%%%%%%%%%%%%%%%%%%%%.........................................%.%%%%%%%%%%%%%%%%.%...................................................................%%%%%%%%%%%...............%%%$%........................................................%%.%............#########...%..%%##########%%%%%%%%%%%%%%%%..............................#
#..........................%%%%%%%%..........$..........%%%%%%%%%%%%%%%%%%%%%%..........................................%%%%%%%%%%%%%%%%%%%%....................................................................%%%%%%%%%..............................................................................................#########%%%%%%%###########%%%%%%%%%%%%%%%..............................#
#.........................%%%%%%%%%%.....................%%%%%%%%%%%%%%%%%%%%%%.......................................%.%%%%%%%%%%%%%%%%%%%....................................................................%%%%%%%%%%...............................................................................................#########%%%%%############%%%%%%%%%%%%%%%%.............................#
#......................%%%%%%%%%%%%%%....................%%%%%%%%%%%%%%%%%%%%%........................................%%%%%%%%%%%%%%%%%%%%%%%..................................................................%%%%%%%%%%..............................................$...............................................########%%%%%%%%############%%%%%%%%%%%%%%%.............................#
#.......................%%%%%%%%%%%%%....................%.%%%%%%%%%%%%%%%%%%%.........................................%%%%%%%%%%%%%%%%%%%%%............................................................#.......%%%%%%%%%..............................................................................................########%%%%%%%%%##########%%%%%%%%%%%%%%%%.............................#
#......................%%%.%%%%%%%%%%%#.#..................%%%%%%%%%%%%%%%%%............................................%%%%%%%%%%%%%%%%%%%%..........................................................#####......%%%%%%%...............................................................................................########%%%%%%%%%%######%#%%%%%%%%%%%%%%%%%%................#...........#
#..............................%%%%%%####...................##%%%%%%%%%%%...............................................%.%%%%%%%%%%%%%%%%............................................................#####......%%%%%%%................................................................................................######%%%%%%%%%%%%%%##%%%%%%%%%%%%%%%%%%%.............###########......#
#................................%%%%#####..................####%%#####...........................%.%.....................%..%%%%%%%%%%%.............................................................######......%%%%%%.................................................................................................######%%%%%%%%%%%%%%%%%%.%%%%%%%%%%%%%%.............###############....#
#.................................%%%#####..................###########......................%.%%%%%%%%%%......................%%..%.................................................................######........%%%%%................................................................................................#######%%%%%%%%%%%%%%%%%%%%%%%%%%%%%%%...............#############.....#
#..................................%######.................############.....................%%%%%%%%%%%%%%%%.........................................................................................######..........%...................................................................................................#######%%%%%%%%%%%%%%%..%%%%%%%%%%%%.................############.....#
#..................................%%######................############...................%%%%%%%%%%%%%%%%%%..............................................................#...........................#####................................................................................................................#####%%%%%%%%%%%%%%%...%%%%%%%%%%%.................##########.......#
#..................................%######.................##########.....................%%%%%%%%%%%%%%%%%%...........................................................#.#####.#......................#####...............................................................................$...............................########%%%%%%%%%%%......%.%%%%%%%%.....................##...........#
#.........................3.........%######..............############.....................%%%%%%%%%%%%%%%%%%.%.........................................................#########........................#..................................................................................................................#######%#%%%%%%%%............%..%.........4.........................#
#..................................%%.####...............############.....$...............%%%%%%%%%%%%%%%%%%%%........................................................##########...........................................................................................................................................#############%%.....................................$...............#
#..................................%..####..............#############....................%%%%%%%%%%%%%%%%%%%%%........................................................############...............................................................%%%....%..................................................................#############.......................................................#
#......................................##................##########......................%%%%%%%%%%%%%%%%%%%%........................................................############..............................................................%.%%%%%%%%%%%%%..............................................................##########.........................................................#
#.......................................................###########.........................%%%%%%%%%%%%%%%...........................................................###########..........$................................................%%%%%%%%%%%%%%%%%%.%.............................................................##########........................................................#
#....................$..................................##########..........................%%%%%%%%%%%%%%%.....................................########....$.........###########........................................................%%%%%%%%%%%%%%%%%%%##%%............................................................############.......................................................#
#.......................................................##########..............................%%%%%%%%%......................................###########............###########........................................................%%%%%%%%%%%%%%%%########...........................................................##############.....................................................#
#.......................................................##########................................%...........................................############.............#.######%%%...........................$............................%%%%%%%%%%%%%###########..................................................%........############.......................................#..............#
#.........................................................#######.............................................................................#############.............%%%%#%%%%%........................................................%%%%%%%%%%%%#############...............................................%%%%%%%%%..############.................................########.............#
#.........................................................#####...............................................................................##############............%%%%%%%%%%.........................................................%%%%%%%%%%%##############.............................................%%%%%%%%%%%%###########................................############...........#
#.........................................................#####..............................................................................###############............%%%%%%%%%%%........................................................%%%%%%%%%%##############.............................................%%%%%%%%%%%%%#####..#..................................##############..........#
#..........................................................###................................................................................##############............%%%%%%%%%%%...........................................................%.%%%%%##############.............................................%%%%%%%%%%%%%.####......................................#############..........#
#..........................................................###................................................................................##############.............%%%%%%%%%%.................................................................%.#############.............................................%%%%%%%%%%%%%%#.#......................................###############.........#
#..........................................................##.................................................................................#############..............%%%%%%%%%.....................................................................############............................................%%%%%%%%%%%%%%...........................................#############..........#
#..............................................................................................................................................###########...............%%%%%%%%%.....................................................................#.########................................................%%%%%%%%%%%%..........................................##############..........#
#................................................................................................................................................#######.................%%%%%%%%..........................................................................###....................................................%%%%%%%%%%%............................................##########............#
#.........................................................................................................................................$.......#.###....................%%%%%..................................................................................................................................%%%%%%%%...............................................##########............#
#...........................................................$..............................$...............................................................................%%%%.....................................................................................................................................%.%.%....................................................#.................#
#..............................................................................................................................................................................................................................................................................................................................................................................................#
#..................................................................................................................................................................................................................................................................................................................................................................................$...........#
#..............................................................................................................................................................................................................................................................................................................................................................................................#
#.......................$......................................................................................................................................................................................................................................................................................................................................................................#
#........................................$..............................................................................................................................................................................$......................................................................................................................................................................#
#..............................................................................................................................................................................................................................................................................................................................................................................................#
#..............................................................................................................................................................................................................................................................................................................................................................................................#
#..............................................................................................................................................................................................................................................................................................................................................................................................#
################################################################################################################################################################################################################################################################################################################################################################################################
