!name The Wide World
!players 4
!teams yes
!pace 2
!notes Four nations in the corners of one world, a long way apart. Scouts earn their keep here.
; 224x128 -- a full world.
################################################################################################################################################################################################################################
#..............................................................................................................................................................................................................................#
#...................................................................$..........................................................................................................................................................#
#..............................................................................................................................................................................................................................#
#..............%...............................................................................................................................................................................................................#
#............%%%%%.............................................................................................................................................................................................................#
#...........%%%%%%%............................................................................................................................................................................................................#
#..........%%%%%%%%%....................................................................................................................................................................$......................................#
#..........%%%%%%%%%...........................................................................................................................................................................................................#
#..........%%%%%%%%%...........................................................................................................................................................................................................#
#..........%%%%%%%%%...........................................................................................................................................................................................................#
#.........%%%%%%%%%%%..........................................................................................................................................................................................................#
#..........%%%%%.%%%............................................................................................................................................................................$..............................#
#..........%%......................................................................................................................................................%...........................................................#
#........................................................................................................................................$......................%%%%%%%.......%................................................#
#........................................................................................................%...........#.............................%...........%%%%%%%%%....%%%%%..............................................#
#...............1......................................................................................%%%%%....###########....................%%%%%%%%%......%%%%%%%%%%%..%%%%%%%.............................2...............#
#........................................................................................~............%%%%%%%..#############.................%%%%%%%%%%%%%.....%%%%%%%%%..%%%%%%%%%............................................#
#....................................................................................~~~~~~~~~....%%%%%%%%%%%%###############...............%%%%%%%%%%%%%%%.....%%%%%%%...%%%%%%%%%............................................#
#...................................................................................~~~~~~~~~~~..%%%%%%%%%%%%%.#############..............%%%%%%%%%%%%%%%%%%.......%......%%%%%%%%%............................................#
#..................................................................................~~~~~~~~~~~~~%%%%%%%%%%%%%%%.###########............%%%%%%%%%%%%%%%%%%%%%.............%%%%%%%%%%%...........................................#
#.....................................$.............................................~~~~~~~~~~~..%%%%%%%%%%%%%.......#................%%%%%%%%%%%%%%%%%%%%%%..............%%%%%%%%%............................................#
#....................................................................................~~~~~~~~~....%%%%%%%%%%%%%.......................%%%%%%%%%%%%%%%%%%%%%%%.............%%%%%%%%%........................................$...#
#........................................................................................~...........%%%%%%%%%.......................%%%%%%%%%%%%%%%%%%%%%%%..............%%%%%%%%%............................................#
#....................................................................................................%%%%%%%%%.......................%%%%%%%%%%%%%%%%%%%%%%%...............%%%%%%%.............................................#
#....................................................................%...............................%%%%%%%%%.......................%%%%%%%%%%%%%%%%%%%%%%%................%%%%%..............................................#
#.................................................................%%%%%%%...................%........%%%%%%%%%......................%%%%%%%%%%%%%%%%%%%%%%%...................%....................%...........................#
#................................................................%%%%%%%%%...........%%%%%%%%%%%%%%%..%%%%%%%.......................%%%%%%%%%%%%%%%%%%%%%%......................................%%%%%%%........................#
#................................................................%%%%%%%%%.........%%%%%%%%%%%%%%%%%%%.%%%%%..................%%%%%%%%%%%%%%%%%%%%%%%%%%........%.............................%%%%%%%%%%%......................#
#...............................................................%%%%%%%%%%%.......%%%%%%%%%%%%%%%%%%%%%..%........$.........%%%%%%%%%%%%%%%%%%%%...%........%%%%%%%%%...#.....................%%%%%%%%%%%......................#
#................................................................%%%%%%%%%.........%%%%%%%%%%%%%%%%%%%.....................%%%%%%%%%%%%%%%%%%%%...........%%%%%%%%%%%%%#######...............%%%%%%%%%%%%%.....................#
#................................................................%%%%%%%%%...$.......%%%%%%%%%%%%%%%.....................~.%%%%%%%%%%%%%%%%%%%%..........%%%%%%%%%%%%%%%########..............%%%%%%%%%%%......................#
#...........................~.....................................%%%%%%%%%%%%%.............%.........$.............~~~~~~~~~~~%%%%%%%%%%%%%%%%..........%%%%%%%%%%%%%%%##########............%%%%%%%%%%%......................#
#.....................~~~~~~~~~~~~~...............................%%%%%%%%%%%%%%%..................................~~~~~~~~~~~~~%%%%%%%%%%%%%%..........%%%%%%%%%%%%%%%%%#########..............%%%%%%%..............$.......$.#
#...................~~~~~~~~~~~~~~~~~............................%%%%%%%%%%%%%%%%%................................~~~~~~~~~~~~~~~%%%%%%%%%%%%%...........%%%%%%%%%%%%%%%###########................%...........................#
#..................~~~~~~~~~~~~~~~~~~~............................%%%%%%%%%%%%%%%..................................~~~~~~~~~~~~~%%%%%%%%%%%%%#...........%%%%%%%%%%%%%%%###########............................................#
#.................~~~~~~~~~~~~~~~~~~~~~.............................%%%%%%%%%%%...............$.....................~~~~~~~~~~~%%%%%%%%%%%%####...........%%%%%%%%%%%%%#############...........................................#
#..................~~~~~~~~~~~~~~~~~~~...................................%...............................................~.#########%###########............%%%%%%%%%##############............................................#
#...................~~~~~~~~~~~~~~~~~........................................................................................##################...............##%##################............................................#
#.....................~~~~~~~~~~~~~...............................................................................................#......#####.................###################.....................%.......................#
#...........................~...................................~..........................................................................#..........#........###################..............%%%%%%%%%%%%%%%.....%..........#
#............................................................~~~~~~~................................................................$...........#############....###############..............%%%%%%%%%%%%%%%%%%%%%%%%%%%%%....#
#...........................................................~~~~~~~~~.........................................................................#################....###########...............%%%%%%%%%%%%%%%%%%%%%%%%%%%%%%%%..#
#..........................................................~~~~~~~~~~~.......................................................................###################........#...................%%%%%%%%%%%%%%%%%%%%%%%%%%%%%%%%%%%#
#............................$............................~~~~~~~~~~~~~...............................%......................................###################.............................%%%%%%%%%%%%%%%%%%%%%%%%%%%%%%%%%%#
#.........................................................~~~~~~~~~~~~~...........................%%%%%%%%%.................................#####################.............................%%%%%%%%%%%%%%%%%%%%%%%%%%%%%%%%%%
#.........................................................~~~~~~~~~~~~~.........................%%%%%%%%%%%%%................................###################................................%%%%%%%%%%%%%%%%%%%%%%%%%%%%%%%#
#........................................................~~~~~~~~~~~~~~~........................%%%%%%%%%%%%%................................###################..................%....................%##%%%%%%%%%%%%%%%%%%%%%#
#.........................................................~~~~~~~~~~~~~........................%%%%%%%%%%%%%%%................................#################................%%%%%%%................######%%%%%%%%%%%%%%%%%..#
#.........................................................~~~~~~~~~~~~~.........................%%%%%%%%%%%%%...................................#############.................%%%%%%%%%~..........############%%%%%%%%%%%%%....#
#.........................................................~~~~~~~~~~~~~.........................%%%%%%%%%%%%%.........................................#.......................%%%%%%%%%~........####################%#######...#
#..........................................................~~~~~~~~~~~............................%%%%%%%%%...................................%..............................%%%%%%%%%%%~.....#############################....#
#...........................................................~~~~~~~~~.................................%....................................%%%%%%%...........................%%%%%%%%%%%~.....#############################....#
#.................................$..........................~~~~~~~......................................................................%%%%%%%%%..........................%%%%%%%%%%%~....#############################.....#
#...............................................................~........................................................................%%%%%%%%%%%........................%%%%%%%%%%%%%~...#############################.....#
#....................$...................................................................................................................%%%%%%%%%%%.........................%%%%%%%%%%%~...############################.......#
#..............................................~........................................................................................%%%%%%%%%%%%%........................%%%%%%%%%%%~.%%%#########################.........#
#..........................................~~~~~~~~~...........................................................%.....$......#............%%%%%%%%%%%........................%%%%%%%%%%%%~%%%%#####################.............#
#........................................~~~~~~~~~~~~~.................................................%%%%%%%%#%%%%%%%###########.......%%%%%%%%%%%......................%%%%%%%%%%%%%~%%%%%%###################..............#
#.......................................~~~~~~~~~~~~~~~..............................................%%%###########################.......%%%%%%%%%......................%%%%%%%%%%%%%%~%%%%%%###################..............#
#......................................~~~~~~~~~~~~~~~~~............................................%%##############################.......%%%%%%%.......................%%%%%%%%%%%%%.%%%%%%%%%###############................#
#......................................~~~~~~~~~~~~~~~~~.............................................################################.........%.........................%%%%%%%%%.%.....%%%%%%%%%%###########..................#
#......................................~~~~~~~~~~~~~~~~~..............................................##############################...............................$.....%%%%%%%........%%%%%%%%%%%%%%%#%%%%%..................#
#.....................................~~~~~~~~~~~~~~~~~~~......~........................................###########################......................................%%%%%%%.........%%%%%%%%%%%%%%%%%%%...................#
#......................................~~~~~~~~~~~~~~~~~...~~~~~~~~~...........................................#.......###########........................................%%%%%...........%%%%%%%%%%%%%%%%%....................#
#......................................~~~~~~~~~~~~~~~~~..~~~~~~~~~~~.......................................................#...............................................%...............%%%%%%%%%%%%%.................$....#
#......................................#~~~~~~~~~~~~~~~~.~~~~~~~~~~~~~............................................................................................................................%............................#
#................................#############~~~~~~~~~...~~~~~~~~~~~..........~...............................................................................................................................................#
#..............................#################~~~~~~.....~~~~~~~~~........~~~~~~~............................................................................................................................................#
#.............................###################~~~...........~...........~~~~~~~~~...........................................................................................................................................#
#............................#####################%%%%%%..................~~~~~~~~~~~.........................................................%...................%............................................................#
#............................#####################%%%%%%%%.................~~~~~~~~~....................................................%%%%%%%%%%%%%.....%%%%%%%%%%%%%%%%%....................................................#
#...........................#######################%%%%%%%%.................~~~~~~~...................................................%%%%%%%%%%%%%%%%%.%%%%%%%%%%%%%%%%%%%%%..................................................#
#............................#####################%%%%%%%%....%................~.....................................................%%%%%%%%%%%%%%%%%%%%%%%%%%%%%%%%%%%%%%%%%.................................................#
#............................#####################%%%%%%.%%%%%%%%%%%.................................................$................%%%%%%%%%%%%%%%%%.%%%%%%%%%%%%%%%%%%%%%...............................~..................#
#.............................###################~~....%%%%%%%%%%%%%%%......%...........................................................%%%%%%%%%%%%%.....%%%%%%%%%%%%%%%%%............................~~~~~~~~~~~.............#
#....................#........##################~~~...%%%%%%%%%%%%%%%%%%%%%%%%%%%%%..........................................................%%%%%%%%%%%..........%..................................~~~~~~~~~~~~~~~...........#
#.................#######.######~#############~~~~~..%%%%%%%%%%%%%%%%%%%%%%%%%%%%%%%%......................................................%%%%%%%%%%%%%%%.................................$........~~~~~~~~~~~~~~~~~..........#
#................#################~~~~~#~~~~~~~~~~~...%%%%%%%%%%%%%%%%%%%%%%%%%%%%%%%%....................................................%%%%%%%%%%%%%%%%%....................#.....................~~~~~~~~~~~~~~~~..........#
#...............#####################...~~~~~~~~~~~~...%%%%%%%%%%%%%%%%%%%%%%%%%%%%%%%%..................................................%%%%%%%%%%%%%%%%%%%.............#############...............~~~~~~~~~~~~~~~~~.........#
#...............######################....~~~~~~~~~......%%%%%%%%%%%%%%%%%%%%%%%%%%%%%....................................................%%%%%%%%%%%%%%%%%............#################.............~~~~~~~~~~~~~~~~~.........#
#..............#######################....~~~~~~#~~...........%.....%%%%%%%%%%%%%%%%%.............%........................................%%%%%%%%%%%%%%%...%.......#####################.~........~~~~~~~~~~~~~~~~~~~........#
#...............######################...###############..............%%%%%%%%%%%%%...........%%%%%%%%%............................%.........%%%%%%%%%%%%%%%%%%%%%%%%####~#############~~~~~~~~~.....~~~~~~~~~~~~~~~~~.........#
#...............##########################################..................%...............%%%%%%%%%%%%%........................%%%%%..$.........%.%%%%%%%%%%%%%%%%###~~~~~#########~~~~~~~~~~~~~...~~~~~~~~~~~~~~~~~.........#
#................##########################################................................%%%%%%%%%%%%%%%......................%%%%%%%............%%%%%%%%%%%%%%%%%%##~~~~~########~~~~~~~~~~~~~~~...~~~~~~~~~~~~~~~..........#
#.................##########################################..............................%%%%%%%%%%%%%%%%%....................%%%%%%%%%............%%%%%%%%%%%%%%%%%#~~~~~~~######~~~~~~~~~~~~~~~~~....~~~~~~~~~~~............#
#....................#.####################################...............................%%%%%%%%%%%%%%%%%....................%%%%%%%%%..............%%%%%%%%%%%%%%%.~~~~~~~######~~~~~~~~~~~~~~~~~.........~.................#
#.......................#############..###################...............................%%%%%%%%%%%%%%%%%%%...................%%%%%%%%%.....................%........~~~~~~~#####~~~~~~~~~~~~~~~~~~~...............$..........#
#........................###########.....###############%%%...............................%%%%%%%%%%%%%%%%%....................%%%%%%%%%.............................~~~~~~~~~.#...~~~~~~~~~~~~~~~~~...........................#
#.........................#########.............#%%%%%%%%%................................%%%%%%%%%%%%%%%%%...................%%%%%%%%%%%.............................~~~~~~~......~~~~~~~~~~~~~~~~~...........................#
#.............................#..................%%%%%%%%%.................................%%%%%%%%%%%%%%%.....................%%%%%%%%%..............................~~~~~~~.......~~~~~~~~~~~~~~~............................#
#................................................%%%%%%%%%...........#......................%%%%%%%%%%%%%......................%%%%%%%%%..............................~~~~~~~........~~~~~~~~~~~~~.............................#
#.........................................#.......%%%%%%%.......###########...................%%%%%%%%%........................%%%%%%%%%...............................~~~~~...........~~~~~~~~~...............................#
#.................................$.....#####......%%%%%.......#############......................%............................%%%%%%%%%...............................~~~~~...............~...................................#
#.......................................#####........%........###############................%..................................%%%%%%%............$.....................~........................................$............#
#......................................#######.................#############.........%%%%%%%%%%%%%%%%%...........................%%%%%.........................................................................................#
#......................................#######..............$...###########........%%%%%%%%%%%%%%%%%%%%%...........................%........................................................................$..................#
#......................................#######.......................#............%%%%%%%%%%%%%%%%%%%%%%%......................................................................................................................#
#.....................................#########....................................%%%%%%%%%%%%%%%%%%%%%.......................................................................................................................#
#......................................#######.......................................%%%%%%%%%%%%%%%%%%%.......................................................................................................................#
#......................................#######...........................................%%%%%%%%%%%%%%%%%.....................................................................................................................#
#......................................#######.........................................%%%%%%%%%%%%%%%%%%%%%.....................$.............................................................................................#
#.......................................#####..........................................%%%%%%%%%%%%%%%%%%%%%..............%....................................................................................................#
#.......................................#####.........................................%%%%%%%%%%%%%%%%%%%%%%%..........%%%%%%%.................................................................................................#
#.........................................#......................%.....................%%%%%%%%%%%%%%%%%%%%%..........%%%%%%%%%................................................................................................#
#...........................................................%%%%%%%%%%%................%%%%%%%%%%%%%%%%%%%%%..........%%%%%%%%%................................................................$...............................#
#..........................................................%%%%%%%%%%%%%.................%%%%%%%%%%%%%%%%%...........%%%%%%%%%%%..................................................................................$............#
#.........................................................%%%%%%%%%%%%%%%..................%%%%%%%%%%%%%.............%%%%%%%%%%%...............................................................................................#
#........................................................%%%%%%%%%%%%%%%%%.......................%...................%%%%%%%%%%%...............................................................................................#
#.........................................................%%%%%%%%%%%%%%%...........................................%%%%%%%%%%%%%..............................................................................................#
#..........................................................%%%%%%%%%%%%%.............................................%%%%%%%%%%%.......$.............................................................................%.........#
#...............3........%..............$...................%%%%%%%%%%%%%%%%%%.......................................%%%%%%%%%%%.....................$...%.....................................................4...............#
#.....................%%%%%%%..................................%%%%%%%%%%%%%%%%%.....................................%%%%%%%%%%%.....................%%%%%%%%%......................................................$%%........#
#.....................%%%%%%%%................................%%%%%%%%%%%%%%%%%%%.....................................%%%%%%%%%.....................%%%%%%%%%%%.............$........................................%.........#
#....................%%%%%%%%%...............................%%%%%%%%%%%%%%%%%%%%%....................................%%%%%%%%%....................%%%%%%%%%%%%%...........................................%.......%%%.........#
#...................%%%%%%%%%%%...............................%%%%%%%%%%%%%%%%%%%......................................%%%%%%%......................%%%%%%%%%%%..............................................%%.%%%%...........#
#....................%%%%%%%%%.................................%%%%%%%%%%%%%%%%%..........................................%..........................%%%%%%%%%..................................................%..............#
#....................%%%%%%%%%...................................%%%%%%%%%%%%%...........................................................................%....$................................................................#
#.....................%%%%%%%..........................................%.......................................................................................................................................................#
#........................%.....................................................................................................................................................................................................#
#...........................................................................................................$..................................................................................................................#
#.................$............................................................................................................................................................................................................#
#..............................................................................................................................................................................................................................#
#..............................................................................................................................................................................................................................#
#..............................................................................................................................................................................................................................#
#..................................................................................................................................................................................................................$...........#
#..............................................................................................................................................................................................................................#
################################################################################################################################################################################################################################
